Analysis & Elaboration report for REG_ULA_TB
Fri May  8 23:20:09 2026
Quartus Prime Version 25.1std.0 Build 1129 10/21/2025 SC Lite Edition


---------------------
; Table of Contents ;
---------------------
  1. Legal Notice
  2. Analysis & Elaboration Summary
  3. Parallel Compilation
  4. Analysis & Elaboration Settings
  5. Port Connectivity Checks: "integ:integ|control_unit:cu"
  6. Port Connectivity Checks: "integ:integ|branch_unit:bu"
  7. Port Connectivity Checks: "integ:integ"
  8. Analysis & Elaboration Messages



----------------
; Legal Notice ;
----------------
Copyright (C) 2025  Altera Corporation. All rights reserved.
Your use of Altera Corporation's design tools, logic functions 
and other software and tools, and any partner logic 
functions, and any output files from any of the foregoing 
(including device programming or simulation files), and any 
associated documentation or information are expressly subject 
to the terms and conditions of the Altera Program License 
Subscription Agreement, the Altera Quartus Prime License Agreement,
the Altera IP License Agreement, or other applicable license
agreement, including, without limitation, that your use is for
the sole purpose of programming logic devices manufactured by
Altera and sold by Altera or its authorized distributors.  Please
refer to the Altera Software License Subscription Agreements 
on the Quartus Prime software download page.



+--------------------------------------------------------------------------------------+
; Analysis & Elaboration Summary                                                       ;
+------------------------------------+-------------------------------------------------+
; Analysis & Elaboration Status      ; Successful - Fri May  8 23:20:09 2026           ;
; Quartus Prime Version              ; 25.1std.0 Build 1129 10/21/2025 SC Lite Edition ;
; Revision Name                      ; REG_ULA_TB                                      ;
; Top-level Entity Name              ; REG_ULA_TB                                      ;
; Family                             ; Cyclone IV E                                    ;
; Total logic elements               ; N/A until Partition Merge                       ;
;     Total combinational functions  ; N/A until Partition Merge                       ;
;     Dedicated logic registers      ; N/A until Partition Merge                       ;
; Total registers                    ; N/A until Partition Merge                       ;
; Total pins                         ; N/A until Partition Merge                       ;
; Total virtual pins                 ; N/A until Partition Merge                       ;
; Total memory bits                  ; N/A until Partition Merge                       ;
; Embedded Multiplier 9-bit elements ; N/A until Partition Merge                       ;
; Total PLLs                         ; N/A until Partition Merge                       ;
+------------------------------------+-------------------------------------------------+


+------------------------------------------+
; Parallel Compilation                     ;
+----------------------------+-------------+
; Processors                 ; Number      ;
+----------------------------+-------------+
; Number detected on machine ; 12          ;
; Maximum allowed            ; 12          ;
;                            ;             ;
; Average used               ; 1.00        ;
; Maximum used               ; 1           ;
;                            ;             ;
; Usage by Processor         ; % Time Used ;
;     Processor 1            ; 100.0%      ;
+----------------------------+-------------+


+------------------------------------------------------------------------------------------------------------+
; Analysis & Elaboration Settings                                                                            ;
+------------------------------------------------------------------+--------------------+--------------------+
; Option                                                           ; Setting            ; Default Value      ;
+------------------------------------------------------------------+--------------------+--------------------+
; Device                                                           ; EP4CE115F29C7      ;                    ;
; Top-level entity name                                            ; REG_ULA_TB         ; REG_ULA_TB         ;
; Family name                                                      ; Cyclone IV E       ; Cyclone V          ;
; Use smart compilation                                            ; Off                ; Off                ;
; Enable parallel Assembler and Timing Analyzer during compilation ; On                 ; On                 ;
; Enable compact report table                                      ; Off                ; Off                ;
; Restructure Multiplexers                                         ; Auto               ; Auto               ;
; Create Debugging Nodes for IP Cores                              ; Off                ; Off                ;
; Preserve fewer node names                                        ; On                 ; On                 ;
; Intel FPGA IP Evaluation Mode                                    ; Enable             ; Enable             ;
; Verilog Version                                                  ; Verilog_2001       ; Verilog_2001       ;
; VHDL Version                                                     ; VHDL_1993          ; VHDL_1993          ;
; State Machine Processing                                         ; Auto               ; Auto               ;
; Safe State Machine                                               ; Off                ; Off                ;
; Extract Verilog State Machines                                   ; On                 ; On                 ;
; Extract VHDL State Machines                                      ; On                 ; On                 ;
; Ignore Verilog initial constructs                                ; Off                ; Off                ;
; Iteration limit for constant Verilog loops                       ; 5000               ; 5000               ;
; Iteration limit for non-constant Verilog loops                   ; 250                ; 250                ;
; Add Pass-Through Logic to Inferred RAMs                          ; On                 ; On                 ;
; Infer RAMs from Raw Logic                                        ; On                 ; On                 ;
; Parallel Synthesis                                               ; On                 ; On                 ;
; DSP Block Balancing                                              ; Auto               ; Auto               ;
; NOT Gate Push-Back                                               ; On                 ; On                 ;
; Power-Up Don't Care                                              ; On                 ; On                 ;
; Remove Redundant Logic Cells                                     ; Off                ; Off                ;
; Remove Duplicate Registers                                       ; On                 ; On                 ;
; Ignore CARRY Buffers                                             ; Off                ; Off                ;
; Ignore CASCADE Buffers                                           ; Off                ; Off                ;
; Ignore GLOBAL Buffers                                            ; Off                ; Off                ;
; Ignore ROW GLOBAL Buffers                                        ; Off                ; Off                ;
; Ignore LCELL Buffers                                             ; Off                ; Off                ;
; Ignore SOFT Buffers                                              ; On                 ; On                 ;
; Limit AHDL Integers to 32 Bits                                   ; Off                ; Off                ;
; Optimization Technique                                           ; Balanced           ; Balanced           ;
; Carry Chain Length                                               ; 70                 ; 70                 ;
; Auto Carry Chains                                                ; On                 ; On                 ;
; Auto Open-Drain Pins                                             ; On                 ; On                 ;
; Perform WYSIWYG Primitive Resynthesis                            ; Off                ; Off                ;
; Auto ROM Replacement                                             ; On                 ; On                 ;
; Auto RAM Replacement                                             ; On                 ; On                 ;
; Auto DSP Block Replacement                                       ; On                 ; On                 ;
; Auto Shift Register Replacement                                  ; Auto               ; Auto               ;
; Allow Shift Register Merging across Hierarchies                  ; Auto               ; Auto               ;
; Auto Clock Enable Replacement                                    ; On                 ; On                 ;
; Strict RAM Replacement                                           ; Off                ; Off                ;
; Allow Synchronous Control Signals                                ; On                 ; On                 ;
; Force Use of Synchronous Clear Signals                           ; Off                ; Off                ;
; Auto RAM Block Balancing                                         ; On                 ; On                 ;
; Auto RAM to Logic Cell Conversion                                ; Off                ; Off                ;
; Auto Resource Sharing                                            ; Off                ; Off                ;
; Allow Any RAM Size For Recognition                               ; Off                ; Off                ;
; Allow Any ROM Size For Recognition                               ; Off                ; Off                ;
; Allow Any Shift Register Size For Recognition                    ; Off                ; Off                ;
; Use LogicLock Constraints during Resource Balancing              ; On                 ; On                 ;
; Ignore translate_off and synthesis_off directives                ; Off                ; Off                ;
; Timing-Driven Synthesis                                          ; On                 ; On                 ;
; Report Parameter Settings                                        ; On                 ; On                 ;
; Report Source Assignments                                        ; On                 ; On                 ;
; Report Connectivity Checks                                       ; On                 ; On                 ;
; Ignore Maximum Fan-Out Assignments                               ; Off                ; Off                ;
; Synchronization Register Chain Length                            ; 2                  ; 2                  ;
; Power Optimization During Synthesis                              ; Normal compilation ; Normal compilation ;
; HDL message level                                                ; Level2             ; Level2             ;
; Suppress Register Optimization Related Messages                  ; Off                ; Off                ;
; Number of Removed Registers Reported in Synthesis Report         ; 5000               ; 5000               ;
; Number of Swept Nodes Reported in Synthesis Report               ; 5000               ; 5000               ;
; Number of Inverted Registers Reported in Synthesis Report        ; 100                ; 100                ;
; Clock MUX Protection                                             ; On                 ; On                 ;
; Auto Gated Clock Conversion                                      ; Off                ; Off                ;
; Block Design Naming                                              ; Auto               ; Auto               ;
; SDC constraint protection                                        ; Off                ; Off                ;
; Synthesis Effort                                                 ; Auto               ; Auto               ;
; Shift Register Replacement - Allow Asynchronous Clear Signal     ; On                 ; On                 ;
; Pre-Mapping Resynthesis Optimization                             ; Off                ; Off                ;
; Analysis & Synthesis Message Level                               ; Medium             ; Medium             ;
; Disable Register Merging Across Hierarchies                      ; Auto               ; Auto               ;
; Resource Aware Inference For Block RAM                           ; On                 ; On                 ;
+------------------------------------------------------------------+--------------------+--------------------+


+-------------------------------------------------------------------------------------------------------------------------------------------------------------------------------+
; Port Connectivity Checks: "integ:integ|control_unit:cu"                                                                                                                       ;
+------------+--------+----------+----------------------------------------------------------------------------------------------------------------------------------------------+
; Port       ; Type   ; Severity ; Details                                                                                                                                      ;
+------------+--------+----------+----------------------------------------------------------------------------------------------------------------------------------------------+
; pcsource_c ; Output ; Info     ; Connected to dangling logic. Logic that only feeds a dangling port will be removed.                                                          ;
; inst       ; Input  ; Warning  ; Declared by entity but not connected by instance. If a default value exists, it will be used.  Otherwise, the port will be connected to GND. ;
+------------+--------+----------+----------------------------------------------------------------------------------------------------------------------------------------------+


+------------------------------------------------------------------------------------------------------------------------------------------------------------------------------+
; Port Connectivity Checks: "integ:integ|branch_unit:bu"                                                                                                                       ;
+------------+-------+----------+----------------------------------------------------------------------------------------------------------------------------------------------+
; Port       ; Type  ; Severity ; Details                                                                                                                                      ;
+------------+-------+----------+----------------------------------------------------------------------------------------------------------------------------------------------+
; pcsource_c ; Input ; Warning  ; Declared by entity but not connected by instance. If a default value exists, it will be used.  Otherwise, the port will be connected to GND. ;
+------------+-------+----------+----------------------------------------------------------------------------------------------------------------------------------------------+


+--------------------------------------------------------------------------------------------------------------------+
; Port Connectivity Checks: "integ:integ"                                                                            ;
+----------+--------+----------+-------------------------------------------------------------------------------------+
; Port     ; Type   ; Severity ; Details                                                                             ;
+----------+--------+----------+-------------------------------------------------------------------------------------+
; RESET    ; Input  ; Info     ; Stuck at GND                                                                        ;
; aluout_o ; Output ; Info     ; Connected to dangling logic. Logic that only feeds a dangling port will be removed. ;
; rs1_o    ; Output ; Info     ; Connected to dangling logic. Logic that only feeds a dangling port will be removed. ;
; rs2_o    ; Output ; Info     ; Connected to dangling logic. Logic that only feeds a dangling port will be removed. ;
; rdata_o  ; Output ; Info     ; Connected to dangling logic. Logic that only feeds a dangling port will be removed. ;
; inst_o   ; Output ; Info     ; Connected to dangling logic. Logic that only feeds a dangling port will be removed. ;
+----------+--------+----------+-------------------------------------------------------------------------------------+


+---------------------------------+
; Analysis & Elaboration Messages ;
+---------------------------------+
Info: *******************************************************************
Info: Running Quartus Prime Analysis & Elaboration
    Info: Version 25.1std.0 Build 1129 10/21/2025 SC Lite Edition
    Info: Processing started: Fri May  8 23:19:58 2026
Info: Command: quartus_map --read_settings_files=on --write_settings_files=off REG_ULA_TB -c REG_ULA_TB --analysis_and_elaboration
Warning (18236): Number of processors has not been specified which may cause overloading on shared machines.  Set the global assignment NUM_PARALLEL_PROCESSORS in your QSF to an appropriate value for best performance.
Info (20030): Parallel compilation is enabled and will use 12 of the 12 processors detected
Info (12021): Found 1 design units, including 0 entities, in source file data_structures.sv
    Info (12022): Found design unit 1: data_structures (SystemVerilog) File: /home/leotl/Documentos/RV32-Blueprint/TBs/REG_ULA_TB/data_structures.sv Line: 1
Info (12021): Found 1 design units, including 1 entities, in source file control_unit.sv
    Info (12023): Found entity 1: control_unit File: /home/leotl/Documentos/RV32-Blueprint/TBs/REG_ULA_TB/control_unit.sv Line: 1
Info (12021): Found 1 design units, including 1 entities, in source file branch_unit.sv
    Info (12023): Found entity 1: branch_unit File: /home/leotl/Documentos/RV32-Blueprint/TBs/REG_ULA_TB/branch_unit.sv Line: 3
Info (12021): Found 1 design units, including 1 entities, in source file immediate_generator.sv
    Info (12023): Found entity 1: immediate_generator File: /home/leotl/Documentos/RV32-Blueprint/TBs/REG_ULA_TB/immediate_generator.sv Line: 3
Info (12021): Found 1 design units, including 1 entities, in source file integ.sv
    Info (12023): Found entity 1: integ File: /home/leotl/Documentos/RV32-Blueprint/TBs/REG_ULA_TB/integ.sv Line: 3
Info (12021): Found 1 design units, including 1 entities, in source file inst_memory.sv
    Info (12023): Found entity 1: inst_memory File: /home/leotl/Documentos/RV32-Blueprint/TBs/REG_ULA_TB/inst_memory.sv Line: 3
Info (12021): Found 1 design units, including 1 entities, in source file data_memory.sv
    Info (12023): Found entity 1: data_memory File: /home/leotl/Documentos/RV32-Blueprint/TBs/REG_ULA_TB/data_memory.sv Line: 3
Info (12021): Found 1 design units, including 1 entities, in source file regfile.sv
    Info (12023): Found entity 1: regfile File: /home/leotl/Documentos/RV32-Blueprint/TBs/REG_ULA_TB/regfile.sv Line: 3
Info (12021): Found 1 design units, including 1 entities, in source file alu.sv
    Info (12023): Found entity 1: alu File: /home/leotl/Documentos/RV32-Blueprint/TBs/REG_ULA_TB/alu.sv Line: 3
Info (12021): Found 1 design units, including 1 entities, in source file REG_ULA_TB.sv
    Info (12023): Found entity 1: REG_ULA_TB File: /home/leotl/Documentos/RV32-Blueprint/TBs/REG_ULA_TB/REG_ULA_TB.sv Line: 3
Warning (10236): Verilog HDL Implicit Net warning at REG_ULA_TB.sv(20): created implicit net for "rs1_o" File: /home/leotl/Documentos/RV32-Blueprint/TBs/REG_ULA_TB/REG_ULA_TB.sv Line: 20
Warning (10236): Verilog HDL Implicit Net warning at REG_ULA_TB.sv(21): created implicit net for "rs2_o" File: /home/leotl/Documentos/RV32-Blueprint/TBs/REG_ULA_TB/REG_ULA_TB.sv Line: 21
Info (12127): Elaborating entity "REG_ULA_TB" for the top level hierarchy
Warning (10755): Verilog HDL warning at REG_ULA_TB.sv(26): assignments to clk_c create a combinational loop File: /home/leotl/Documentos/RV32-Blueprint/TBs/REG_ULA_TB/REG_ULA_TB.sv Line: 26
Info (10648): Verilog HDL Display System Task info at REG_ULA_TB.sv(31): Primeira instrução: ADDI x1, x0, 1 File: /home/leotl/Documentos/RV32-Blueprint/TBs/REG_ULA_TB/REG_ULA_TB.sv Line: 31
Info (12128): Elaborating entity "integ" for hierarchy "integ:integ" File: /home/leotl/Documentos/RV32-Blueprint/TBs/REG_ULA_TB/REG_ULA_TB.sv Line: 24
Info (12128): Elaborating entity "inst_memory" for hierarchy "integ:integ|inst_memory:inst_mem" File: /home/leotl/Documentos/RV32-Blueprint/TBs/REG_ULA_TB/integ.sv Line: 63
Warning (10850): Verilog HDL warning at inst_memory.sv(19): number of words (1) in memory file does not match the number of elements in the address range [0:1023] File: /home/leotl/Documentos/RV32-Blueprint/TBs/REG_ULA_TB/inst_memory.sv Line: 19
Warning (10030): Net "ins_mem.data_a" at inst_memory.sv(9) has no driver or initial value, using a default initial value '0' File: /home/leotl/Documentos/RV32-Blueprint/TBs/REG_ULA_TB/inst_memory.sv Line: 9
Warning (10030): Net "ins_mem.waddr_a" at inst_memory.sv(9) has no driver or initial value, using a default initial value '0' File: /home/leotl/Documentos/RV32-Blueprint/TBs/REG_ULA_TB/inst_memory.sv Line: 9
Warning (10030): Net "ins_mem.we_a" at inst_memory.sv(9) has no driver or initial value, using a default initial value '0' File: /home/leotl/Documentos/RV32-Blueprint/TBs/REG_ULA_TB/inst_memory.sv Line: 9
Info (12128): Elaborating entity "regfile" for hierarchy "integ:integ|regfile:regfile" File: /home/leotl/Documentos/RV32-Blueprint/TBs/REG_ULA_TB/integ.sv Line: 74
Info (12128): Elaborating entity "alu" for hierarchy "integ:integ|alu:alu" File: /home/leotl/Documentos/RV32-Blueprint/TBs/REG_ULA_TB/integ.sv Line: 87
Info (12128): Elaborating entity "data_memory" for hierarchy "integ:integ|data_memory:data_mem" File: /home/leotl/Documentos/RV32-Blueprint/TBs/REG_ULA_TB/integ.sv Line: 97
Info (10264): Verilog HDL Case Statement information at data_memory.sv(47): all case item expressions in this case statement are onehot File: /home/leotl/Documentos/RV32-Blueprint/TBs/REG_ULA_TB/data_memory.sv Line: 47
Info (10264): Verilog HDL Case Statement information at data_memory.sv(62): all case item expressions in this case statement are onehot File: /home/leotl/Documentos/RV32-Blueprint/TBs/REG_ULA_TB/data_memory.sv Line: 62
Info (10264): Verilog HDL Case Statement information at data_memory.sv(75): all case item expressions in this case statement are onehot File: /home/leotl/Documentos/RV32-Blueprint/TBs/REG_ULA_TB/data_memory.sv Line: 75
Info (12128): Elaborating entity "immediate_generator" for hierarchy "integ:integ|immediate_generator:imm_gen" File: /home/leotl/Documentos/RV32-Blueprint/TBs/REG_ULA_TB/integ.sv Line: 103
Info (12128): Elaborating entity "branch_unit" for hierarchy "integ:integ|branch_unit:bu" File: /home/leotl/Documentos/RV32-Blueprint/TBs/REG_ULA_TB/integ.sv Line: 128
Info (12128): Elaborating entity "control_unit" for hierarchy "integ:integ|control_unit:cu" File: /home/leotl/Documentos/RV32-Blueprint/TBs/REG_ULA_TB/integ.sv Line: 147
Warning (12241): 2 hierarchies have connectivity warnings - see the Connectivity Checks report folder
Info: Quartus Prime Analysis & Elaboration was successful. 0 errors, 9 warnings
    Info: Peak virtual memory: 835 megabytes
    Info: Processing ended: Fri May  8 23:20:09 2026
    Info: Elapsed time: 00:00:11
    Info: Total CPU time (on all processors): 00:00:21


