Analysis & Elaboration report for IMMGEN_TB
Mon May 11 15:29:50 2026
Quartus Prime Version 25.1std.0 Build 1129 10/21/2025 SC Lite Edition


---------------------
; Table of Contents ;
---------------------
  1. Legal Notice
  2. Analysis & Elaboration Summary
  3. Parallel Compilation
  4. Analysis & Elaboration Settings
  5. Port Connectivity Checks: "immediate_generator:dut"
  6. Analysis & Elaboration Messages



----------------
; Legal Notice ;
----------------
Copyright (C) 2025  Altera Corporation. All rights reserved.
Your use of Altera Corporation's design tools, logic functions 
and other software and tools, and any partner logic 
functions, and any output files from any of the foregoing 
(including device programming or simulation files), and any 
associated documentation or information are expressly subject 
to the terms and conditions of the Altera Program License 
Subscription Agreement, the Altera Quartus Prime License Agreement,
the Altera IP License Agreement, or other applicable license
agreement, including, without limitation, that your use is for
the sole purpose of programming logic devices manufactured by
Altera and sold by Altera or its authorized distributors.  Please
refer to the Altera Software License Subscription Agreements 
on the Quartus Prime software download page.



+--------------------------------------------------------------------------------------+
; Analysis & Elaboration Summary                                                       ;
+------------------------------------+-------------------------------------------------+
; Analysis & Elaboration Status      ; Successful - Mon May 11 15:29:50 2026           ;
; Quartus Prime Version              ; 25.1std.0 Build 1129 10/21/2025 SC Lite Edition ;
; Revision Name                      ; IMMGEN_TB                                       ;
; Top-level Entity Name              ; immgen_tb                                       ;
; Family                             ; Cyclone IV E                                    ;
; Total logic elements               ; N/A until Partition Merge                       ;
;     Total combinational functions  ; N/A until Partition Merge                       ;
;     Dedicated logic registers      ; N/A until Partition Merge                       ;
; Total registers                    ; N/A until Partition Merge                       ;
; Total pins                         ; N/A until Partition Merge                       ;
; Total virtual pins                 ; N/A until Partition Merge                       ;
; Total memory bits                  ; N/A until Partition Merge                       ;
; Embedded Multiplier 9-bit elements ; N/A until Partition Merge                       ;
; Total PLLs                         ; N/A until Partition Merge                       ;
+------------------------------------+-------------------------------------------------+


+------------------------------------------+
; Parallel Compilation                     ;
+----------------------------+-------------+
; Processors                 ; Number      ;
+----------------------------+-------------+
; Number detected on machine ; 12          ;
; Maximum allowed            ; 12          ;
;                            ;             ;
; Average used               ; 1.00        ;
; Maximum used               ; 1           ;
;                            ;             ;
; Usage by Processor         ; % Time Used ;
;     Processor 1            ; 100.0%      ;
+----------------------------+-------------+


+------------------------------------------------------------------------------------------------------------+
; Analysis & Elaboration Settings                                                                            ;
+------------------------------------------------------------------+--------------------+--------------------+
; Option                                                           ; Setting            ; Default Value      ;
+------------------------------------------------------------------+--------------------+--------------------+
; Device                                                           ; EP4CE115F29C7      ;                    ;
; Top-level entity name                                            ; immgen_tb          ; IMMGEN_TB          ;
; Family name                                                      ; Cyclone IV E       ; Cyclone V          ;
; Use smart compilation                                            ; Off                ; Off                ;
; Enable parallel Assembler and Timing Analyzer during compilation ; On                 ; On                 ;
; Enable compact report table                                      ; Off                ; Off                ;
; Restructure Multiplexers                                         ; Auto               ; Auto               ;
; Create Debugging Nodes for IP Cores                              ; Off                ; Off                ;
; Preserve fewer node names                                        ; On                 ; On                 ;
; Intel FPGA IP Evaluation Mode                                    ; Enable             ; Enable             ;
; Verilog Version                                                  ; Verilog_2001       ; Verilog_2001       ;
; VHDL Version                                                     ; VHDL_1993          ; VHDL_1993          ;
; State Machine Processing                                         ; Auto               ; Auto               ;
; Safe State Machine                                               ; Off                ; Off                ;
; Extract Verilog State Machines                                   ; On                 ; On                 ;
; Extract VHDL State Machines                                      ; On                 ; On                 ;
; Ignore Verilog initial constructs                                ; Off                ; Off                ;
; Iteration limit for constant Verilog loops                       ; 5000               ; 5000               ;
; Iteration limit for non-constant Verilog loops                   ; 250                ; 250                ;
; Add Pass-Through Logic to Inferred RAMs                          ; On                 ; On                 ;
; Infer RAMs from Raw Logic                                        ; On                 ; On                 ;
; Parallel Synthesis                                               ; On                 ; On                 ;
; DSP Block Balancing                                              ; Auto               ; Auto               ;
; NOT Gate Push-Back                                               ; On                 ; On                 ;
; Power-Up Don't Care                                              ; On                 ; On                 ;
; Remove Redundant Logic Cells                                     ; Off                ; Off                ;
; Remove Duplicate Registers                                       ; On                 ; On                 ;
; Ignore CARRY Buffers                                             ; Off                ; Off                ;
; Ignore CASCADE Buffers                                           ; Off                ; Off                ;
; Ignore GLOBAL Buffers                                            ; Off                ; Off                ;
; Ignore ROW GLOBAL Buffers                                        ; Off                ; Off                ;
; Ignore LCELL Buffers                                             ; Off                ; Off                ;
; Ignore SOFT Buffers                                              ; On                 ; On                 ;
; Limit AHDL Integers to 32 Bits                                   ; Off                ; Off                ;
; Optimization Technique                                           ; Balanced           ; Balanced           ;
; Carry Chain Length                                               ; 70                 ; 70                 ;
; Auto Carry Chains                                                ; On                 ; On                 ;
; Auto Open-Drain Pins                                             ; On                 ; On                 ;
; Perform WYSIWYG Primitive Resynthesis                            ; Off                ; Off                ;
; Auto ROM Replacement                                             ; On                 ; On                 ;
; Auto RAM Replacement                                             ; On                 ; On                 ;
; Auto DSP Block Replacement                                       ; On                 ; On                 ;
; Auto Shift Register Replacement                                  ; Auto               ; Auto               ;
; Allow Shift Register Merging across Hierarchies                  ; Auto               ; Auto               ;
; Auto Clock Enable Replacement                                    ; On                 ; On                 ;
; Strict RAM Replacement                                           ; Off                ; Off                ;
; Allow Synchronous Control Signals                                ; On                 ; On                 ;
; Force Use of Synchronous Clear Signals                           ; Off                ; Off                ;
; Auto RAM Block Balancing                                         ; On                 ; On                 ;
; Auto RAM to Logic Cell Conversion                                ; Off                ; Off                ;
; Auto Resource Sharing                                            ; Off                ; Off                ;
; Allow Any RAM Size For Recognition                               ; Off                ; Off                ;
; Allow Any ROM Size For Recognition                               ; Off                ; Off                ;
; Allow Any Shift Register Size For Recognition                    ; Off                ; Off                ;
; Use LogicLock Constraints during Resource Balancing              ; On                 ; On                 ;
; Ignore translate_off and synthesis_off directives                ; Off                ; Off                ;
; Timing-Driven Synthesis                                          ; On                 ; On                 ;
; Report Parameter Settings                                        ; On                 ; On                 ;
; Report Source Assignments                                        ; On                 ; On                 ;
; Report Connectivity Checks                                       ; On                 ; On                 ;
; Ignore Maximum Fan-Out Assignments                               ; Off                ; Off                ;
; Synchronization Register Chain Length                            ; 2                  ; 2                  ;
; Power Optimization During Synthesis                              ; Normal compilation ; Normal compilation ;
; HDL message level                                                ; Level2             ; Level2             ;
; Suppress Register Optimization Related Messages                  ; Off                ; Off                ;
; Number of Removed Registers Reported in Synthesis Report         ; 5000               ; 5000               ;
; Number of Swept Nodes Reported in Synthesis Report               ; 5000               ; 5000               ;
; Number of Inverted Registers Reported in Synthesis Report        ; 100                ; 100                ;
; Clock MUX Protection                                             ; On                 ; On                 ;
; Auto Gated Clock Conversion                                      ; Off                ; Off                ;
; Block Design Naming                                              ; Auto               ; Auto               ;
; SDC constraint protection                                        ; Off                ; Off                ;
; Synthesis Effort                                                 ; Auto               ; Auto               ;
; Shift Register Replacement - Allow Asynchronous Clear Signal     ; On                 ; On                 ;
; Pre-Mapping Resynthesis Optimization                             ; Off                ; Off                ;
; Analysis & Synthesis Message Level                               ; Medium             ; Medium             ;
; Disable Register Merging Across Hierarchies                      ; Auto               ; Auto               ;
; Resource Aware Inference For Block RAM                           ; On                 ; On                 ;
+------------------------------------------------------------------+--------------------+--------------------+


+-----------------------------------------------------------------------------------------------------------------------+
; Port Connectivity Checks: "immediate_generator:dut"                                                                   ;
+-------------+--------+----------+-------------------------------------------------------------------------------------+
; Port        ; Type   ; Severity ; Details                                                                             ;
+-------------+--------+----------+-------------------------------------------------------------------------------------+
; inst_i      ; Input  ; Info     ; Stuck at GND                                                                        ;
; inst_type_c ; Input  ; Info     ; Stuck at GND                                                                        ;
; imm_o       ; Output ; Info     ; Connected to dangling logic. Logic that only feeds a dangling port will be removed. ;
+-------------+--------+----------+-------------------------------------------------------------------------------------+


+---------------------------------+
; Analysis & Elaboration Messages ;
+---------------------------------+
Info: *******************************************************************
Info: Running Quartus Prime Analysis & Elaboration
    Info: Version 25.1std.0 Build 1129 10/21/2025 SC Lite Edition
    Info: Processing started: Mon May 11 15:29:42 2026
Info: Command: quartus_map --read_settings_files=on --write_settings_files=off IMMGEN_TB -c IMMGEN_TB --analysis_and_elaboration
Warning (18236): Number of processors has not been specified which may cause overloading on shared machines.  Set the global assignment NUM_PARALLEL_PROCESSORS in your QSF to an appropriate value for best performance.
Info (20030): Parallel compilation is enabled and will use 12 of the 12 processors detected
Info (12021): Found 1 design units, including 0 entities, in source file data_structures.sv
    Info (12022): Found design unit 1: data_structures (SystemVerilog) File: /home/leotl/Documentos/RV32-Blueprint/TBs/IMMGEN_TB/data_structures.sv Line: 1
Info (12021): Found 1 design units, including 1 entities, in source file immediate_generator.sv
    Info (12023): Found entity 1: immediate_generator File: /home/leotl/Documentos/RV32-Blueprint/TBs/IMMGEN_TB/immediate_generator.sv Line: 3
Info (12021): Found 1 design units, including 1 entities, in source file immgen_tb.sv
    Info (12023): Found entity 1: immgen_tb File: /home/leotl/Documentos/RV32-Blueprint/TBs/IMMGEN_TB/immgen_tb.sv Line: 3
Info (12127): Elaborating entity "immgen_tb" for the top level hierarchy
Info (10648): Verilog HDL Display System Task info at immgen_tb.sv(15): Inicializando valores... File: /home/leotl/Documentos/RV32-Blueprint/TBs/IMMGEN_TB/immgen_tb.sv Line: 15
Info (10648): Verilog HDL Display System Task info at immgen_tb.sv(20): Testando immediato para instruções OPI File: /home/leotl/Documentos/RV32-Blueprint/TBs/IMMGEN_TB/immgen_tb.sv Line: 20
Info (10648): Verilog HDL Display System Task info at immgen_tb.sv(22): Simulando inst_i =32'b11111111111100000000000000000000 File: /home/leotl/Documentos/RV32-Blueprint/TBs/IMMGEN_TB/immgen_tb.sv Line: 22
Info (10648): Verilog HDL Display System Task info at immgen_tb.sv(23): Saída esperada: -1 File: /home/leotl/Documentos/RV32-Blueprint/TBs/IMMGEN_TB/immgen_tb.sv Line: 23
Info (10648): Verilog HDL Display System Task info at immgen_tb.sv(27): Zerando os valores... File: /home/leotl/Documentos/RV32-Blueprint/TBs/IMMGEN_TB/immgen_tb.sv Line: 27
Info (10648): Verilog HDL Display System Task info at immgen_tb.sv(29): Simulando inst_i =32'b11111111111100000000000000000000 File: /home/leotl/Documentos/RV32-Blueprint/TBs/IMMGEN_TB/immgen_tb.sv Line: 29
Info (10648): Verilog HDL Display System Task info at immgen_tb.sv(30): Saída esperada: 1 File: /home/leotl/Documentos/RV32-Blueprint/TBs/IMMGEN_TB/immgen_tb.sv Line: 30
Info (10648): Verilog HDL Display System Task info at immgen_tb.sv(34): Zerando os valores... File: /home/leotl/Documentos/RV32-Blueprint/TBs/IMMGEN_TB/immgen_tb.sv Line: 34
Info (10648): Verilog HDL Display System Task info at immgen_tb.sv(38): Testando immediato para instruções LOAD File: /home/leotl/Documentos/RV32-Blueprint/TBs/IMMGEN_TB/immgen_tb.sv Line: 38
Info (10648): Verilog HDL Display System Task info at immgen_tb.sv(40): Simulando inst_i =32'b11111111111100000000000000000000 File: /home/leotl/Documentos/RV32-Blueprint/TBs/IMMGEN_TB/immgen_tb.sv Line: 40
Info (10648): Verilog HDL Display System Task info at immgen_tb.sv(41): Saída esperada: -1 File: /home/leotl/Documentos/RV32-Blueprint/TBs/IMMGEN_TB/immgen_tb.sv Line: 41
Info (10648): Verilog HDL Display System Task info at immgen_tb.sv(45): Zerando os valores... File: /home/leotl/Documentos/RV32-Blueprint/TBs/IMMGEN_TB/immgen_tb.sv Line: 45
Info (10648): Verilog HDL Display System Task info at immgen_tb.sv(47): Simulando inst_i =32'b11111111111100000000000000000000 File: /home/leotl/Documentos/RV32-Blueprint/TBs/IMMGEN_TB/immgen_tb.sv Line: 47
Info (10648): Verilog HDL Display System Task info at immgen_tb.sv(48): Saída esperada: 1 File: /home/leotl/Documentos/RV32-Blueprint/TBs/IMMGEN_TB/immgen_tb.sv Line: 48
Info (10648): Verilog HDL Display System Task info at immgen_tb.sv(52): Zerando os valores... File: /home/leotl/Documentos/RV32-Blueprint/TBs/IMMGEN_TB/immgen_tb.sv Line: 52
Info (10648): Verilog HDL Display System Task info at immgen_tb.sv(56): Testando immediato para instruções AUIPC File: /home/leotl/Documentos/RV32-Blueprint/TBs/IMMGEN_TB/immgen_tb.sv Line: 56
Info (10648): Verilog HDL Display System Task info at immgen_tb.sv(58): Simulando inst_i =32'b01000000000000000000000000000000 File: /home/leotl/Documentos/RV32-Blueprint/TBs/IMMGEN_TB/immgen_tb.sv Line: 58
Info (10648): Verilog HDL Display System Task info at immgen_tb.sv(59): Saída esperada: 1073741824 File: /home/leotl/Documentos/RV32-Blueprint/TBs/IMMGEN_TB/immgen_tb.sv Line: 59
Info (10648): Verilog HDL Display System Task info at immgen_tb.sv(63): Zerando os valores... File: /home/leotl/Documentos/RV32-Blueprint/TBs/IMMGEN_TB/immgen_tb.sv Line: 63
Info (10648): Verilog HDL Display System Task info at immgen_tb.sv(65): Simulando inst_i =32'b11000000000000000000000000000000 File: /home/leotl/Documentos/RV32-Blueprint/TBs/IMMGEN_TB/immgen_tb.sv Line: 65
Info (10648): Verilog HDL Display System Task info at immgen_tb.sv(66): Saída esperada: -1073741824 File: /home/leotl/Documentos/RV32-Blueprint/TBs/IMMGEN_TB/immgen_tb.sv Line: 66
Info (10648): Verilog HDL Display System Task info at immgen_tb.sv(70): Zerando os valores... File: /home/leotl/Documentos/RV32-Blueprint/TBs/IMMGEN_TB/immgen_tb.sv Line: 70
Info (10648): Verilog HDL Display System Task info at immgen_tb.sv(74): Testando immediato para instruções STORE File: /home/leotl/Documentos/RV32-Blueprint/TBs/IMMGEN_TB/immgen_tb.sv Line: 74
Info (10648): Verilog HDL Display System Task info at immgen_tb.sv(76): Simulando inst_i =32'b01111110000000000000111110000000 File: /home/leotl/Documentos/RV32-Blueprint/TBs/IMMGEN_TB/immgen_tb.sv Line: 76
Info (10648): Verilog HDL Display System Task info at immgen_tb.sv(77): Saída esperada: 2047 File: /home/leotl/Documentos/RV32-Blueprint/TBs/IMMGEN_TB/immgen_tb.sv Line: 77
Info (10648): Verilog HDL Display System Task info at immgen_tb.sv(81): Zerando os valores... File: /home/leotl/Documentos/RV32-Blueprint/TBs/IMMGEN_TB/immgen_tb.sv Line: 81
Info (10648): Verilog HDL Display System Task info at immgen_tb.sv(83): Simulando inst_i =32'b110000000000100010010000010100011 File: /home/leotl/Documentos/RV32-Blueprint/TBs/IMMGEN_TB/immgen_tb.sv Line: 83
Info (10648): Verilog HDL Display System Task info at immgen_tb.sv(84): Saída esperada: -2047 File: /home/leotl/Documentos/RV32-Blueprint/TBs/IMMGEN_TB/immgen_tb.sv Line: 84
Info (10648): Verilog HDL Display System Task info at immgen_tb.sv(88): Zerando os valores... File: /home/leotl/Documentos/RV32-Blueprint/TBs/IMMGEN_TB/immgen_tb.sv Line: 88
Info (10648): Verilog HDL Display System Task info at immgen_tb.sv(93): Testando immediato para instruções BRANCH File: /home/leotl/Documentos/RV32-Blueprint/TBs/IMMGEN_TB/immgen_tb.sv Line: 93
Info (10648): Verilog HDL Display System Task info at immgen_tb.sv(95): Simulando inst_i =32'b01000000000000000000000000000000 File: /home/leotl/Documentos/RV32-Blueprint/TBs/IMMGEN_TB/immgen_tb.sv Line: 95
Info (10648): Verilog HDL Display System Task info at immgen_tb.sv(96): Saída esperada: 1024 File: /home/leotl/Documentos/RV32-Blueprint/TBs/IMMGEN_TB/immgen_tb.sv Line: 96
Info (10648): Verilog HDL Display System Task info at immgen_tb.sv(100): Zerando os valores... File: /home/leotl/Documentos/RV32-Blueprint/TBs/IMMGEN_TB/immgen_tb.sv Line: 100
Info (10648): Verilog HDL Display System Task info at immgen_tb.sv(102): Simulando inst_i =32'b11000000000000000000000010000000 File: /home/leotl/Documentos/RV32-Blueprint/TBs/IMMGEN_TB/immgen_tb.sv Line: 102
Info (10648): Verilog HDL Display System Task info at immgen_tb.sv(103): Saída esperada: -1024 File: /home/leotl/Documentos/RV32-Blueprint/TBs/IMMGEN_TB/immgen_tb.sv Line: 103
Info (10648): Verilog HDL Display System Task info at immgen_tb.sv(107): Zerando os valores... File: /home/leotl/Documentos/RV32-Blueprint/TBs/IMMGEN_TB/immgen_tb.sv Line: 107
Info (10648): Verilog HDL Display System Task info at immgen_tb.sv(111): Testando immediato para instruções JUMP File: /home/leotl/Documentos/RV32-Blueprint/TBs/IMMGEN_TB/immgen_tb.sv Line: 111
Info (10648): Verilog HDL Display System Task info at immgen_tb.sv(113): Simulando inst_i =32'b01000000000000000000000000000000 File: /home/leotl/Documentos/RV32-Blueprint/TBs/IMMGEN_TB/immgen_tb.sv Line: 113
Info (10648): Verilog HDL Display System Task info at immgen_tb.sv(114): Saída esperada: 1024 File: /home/leotl/Documentos/RV32-Blueprint/TBs/IMMGEN_TB/immgen_tb.sv Line: 114
Info (10648): Verilog HDL Display System Task info at immgen_tb.sv(118): Zerando os valores... File: /home/leotl/Documentos/RV32-Blueprint/TBs/IMMGEN_TB/immgen_tb.sv Line: 118
Info (10648): Verilog HDL Display System Task info at immgen_tb.sv(120): Simulando inst_i =32'b11000000000111111111000001101111 File: /home/leotl/Documentos/RV32-Blueprint/TBs/IMMGEN_TB/immgen_tb.sv Line: 120
Info (10648): Verilog HDL Display System Task info at immgen_tb.sv(121): Saída esperada: -1024 File: /home/leotl/Documentos/RV32-Blueprint/TBs/IMMGEN_TB/immgen_tb.sv Line: 121
Info (10648): Verilog HDL Display System Task info at immgen_tb.sv(125): Zerando os valores... File: /home/leotl/Documentos/RV32-Blueprint/TBs/IMMGEN_TB/immgen_tb.sv Line: 125
Warning (10175): Verilog HDL warning at immgen_tb.sv(128): ignoring unsupported system task File: /home/leotl/Documentos/RV32-Blueprint/TBs/IMMGEN_TB/immgen_tb.sv Line: 128
Info (12128): Elaborating entity "immediate_generator" for hierarchy "immediate_generator:dut" File: /home/leotl/Documentos/RV32-Blueprint/TBs/IMMGEN_TB/immgen_tb.sv Line: 12
Info: Quartus Prime Analysis & Elaboration was successful. 0 errors, 2 warnings
    Info: Peak virtual memory: 656 megabytes
    Info: Processing ended: Mon May 11 15:29:50 2026
    Info: Elapsed time: 00:00:08
    Info: Total CPU time (on all processors): 00:00:22


