------------------------------------------------------------
Timing Analyzer Summary
------------------------------------------------------------

Type  : Slow 1200mV 85C Model Setup 'clk_c'
Slack : -200.895
TNS   : -6436053.050

Type  : Slow 1200mV 85C Model Setup 'clk_i'
Slack : -2.849
TNS   : -67.051

Type  : Slow 1200mV 85C Model Hold 'clk_i'
Slack : -2.870
TNS   : -2.870

Type  : Slow 1200mV 85C Model Hold 'clk_c'
Slack : 0.404
TNS   : 0.000

Type  : Slow 1200mV 85C Model Minimum Pulse Width 'clk_i'
Slack : -3.000
TNS   : -45.405

Type  : Slow 1200mV 85C Model Minimum Pulse Width 'clk_c'
Slack : -1.285
TNS   : -43751.680

Type  : Slow 1200mV 0C Model Setup 'clk_c'
Slack : -183.687
TNS   : -5863116.427

Type  : Slow 1200mV 0C Model Setup 'clk_i'
Slack : -2.441
TNS   : -56.606

Type  : Slow 1200mV 0C Model Hold 'clk_i'
Slack : -2.616
TNS   : -2.616

Type  : Slow 1200mV 0C Model Hold 'clk_c'
Slack : 0.356
TNS   : 0.000

Type  : Slow 1200mV 0C Model Minimum Pulse Width 'clk_i'
Slack : -3.000
TNS   : -45.405

Type  : Slow 1200mV 0C Model Minimum Pulse Width 'clk_c'
Slack : -1.285
TNS   : -43751.680

Type  : Fast 1200mV 0C Model Setup 'clk_c'
Slack : -101.742
TNS   : -3240861.674

Type  : Fast 1200mV 0C Model Setup 'clk_i'
Slack : -0.921
TNS   : -16.475

Type  : Fast 1200mV 0C Model Hold 'clk_i'
Slack : -1.575
TNS   : -1.575

Type  : Fast 1200mV 0C Model Hold 'clk_c'
Slack : 0.183
TNS   : 0.000

Type  : Fast 1200mV 0C Model Minimum Pulse Width 'clk_i'
Slack : -3.000
TNS   : -38.025

Type  : Fast 1200mV 0C Model Minimum Pulse Width 'clk_c'
Slack : -1.000
TNS   : -34048.000

------------------------------------------------------------
